export PATH="{root}/.rpyenv/virtualenv/shims:${PATH}";
export PYENV_VIRTUALENV_INIT=1;
_pyenv_virtualenv_hook() {
  local ret=$?
  if [ "${PYENV_VERSION-}" = "${_PYENV_VH_VERSION-}" ] \
    && [ "${VIRTUAL_ENV-}" = "${_PYENV_VH_VENV-}" ]; then
    if [ -n "${PYENV_VERSION-}" ]; then
      return $ret
    fi
    if [ "${PWD}" = "${_PYENV_VH_PWD-}" ] \
      && [ "$(stat -L -c %Y "${_PYENV_VH_PATHS[@]}" 2>/dev/null)" = "${_PYENV_VH_MTIMES-}" ]; then
      return $ret
    fi
  fi
  if [ -n "${VIRTUAL_ENV-}" ]; then
    eval "$(pyenv sh-activate --quiet || pyenv sh-deactivate --quiet || true)" || true
  else
    eval "$(pyenv sh-activate --quiet || true)" || true
  fi
  _PYENV_VH_PWD="${PWD}"
  _PYENV_VH_VERSION="${PYENV_VERSION-}"
  _PYENV_VH_VENV="${VIRTUAL_ENV-}"
  local _pvh_d="${PWD}" _pvh_found_local=0
  _PYENV_VH_PATHS=()
  while :; do
    if [ -f "${_pvh_d}/.python-version" ] || [ -L "${_pvh_d}/.python-version" ]; then
      _PYENV_VH_PATHS+=("${_pvh_d}/.python-version")
      if [ -f "${_pvh_d}/.python-version" ]; then 
        _pvh_found_local=1
        break
      fi
    else
      _PYENV_VH_PATHS+=("${_pvh_d}")
    fi
    [ "${_pvh_d}" = "/" ] && break
    _pvh_d="${_pvh_d%/*}"
    [ -z "${_pvh_d}" ] && _pvh_d="/"
  done
  if [ "${_pvh_found_local}" = "0" ]; then
    _PYENV_VH_PATHS+=("${PYENV_ROOT}/version")
  fi
  _PYENV_VH_MTIMES="$(stat -L -c %Y "${_PYENV_VH_PATHS[@]}" 2>/dev/null)"
  return $ret
};
if ! [[ "${PROMPT_COMMAND-}" =~ _pyenv_virtualenv_hook ]]; then
  PROMPT_COMMAND="_pyenv_virtualenv_hook;${PROMPT_COMMAND-}"
fi
