pyenv 3.1.1 (rpyenv 0.1.0)

Usage: pyenv <command> [<args>]

Some useful pyenv commands are:
   commands     List all available pyenv commands
   duplicate    Creates a duplicate python environment
   local        Set or show the local application-specific Python version
   latest       Print the latest installed or known version with the given prefix
   global       Set or show the global Python version
   shell        Set or show the shell-specific Python version
   install      Install a Python version using python-build
   uninstall    Uninstall a specific Python version
   update       Update the cached version DB
   rehash       Rehash pyenv shims (run this after installing executables)
   vname        Show the current Python version
   version      Show the current Python version and its origin
   version-name Show the current Python version
   versions     List all Python versions available to pyenv
   exec         Runs an executable by first preparing PATH so that the selected Python
   which        Display the full path to an executable
   whence       List all Python versions that contain the given executable

See `pyenv help <command>' for information on a specific command.
For full documentation, see: https://github.com/pyenv-win/pyenv-win#readme
